   Map of the 9th floor cable.				4/5/79 DAM

Enters in the 9th floor phone closet
To room 926
Along East wall to the AI pager
To panel underneath clock  -- connects to AI
(30 m)
To NE corner of raised floor near 915
To keyboard panel near XGP
(20 m)
Down West hall in ceiling to 906 -- connects to CADR1,CADR2
(25 m)
Through 904 to panel near MC -- connects to MC,CADR3
(15 m)
To room 902 (SW corner of building)
To panel in 936 (SE corner of building) -- connects to CADR4,CADR5
(35 m)
Underneath XX machine
(15 m)
Along East wall
Terminator near South window in 926
(40 m)
---
New host numbers for Subnet 6:
3000	Terminator in 926
55m + 2 computers 
3020	First machine in 936 (XX)
3022	Second machine in 936	(CADR7)
3024	Third machine in 936	(CADR-TEST)
3026     Fourth machine in 936
35m
3032	First machine in 903/904 (Minirobot)
3034    Second machine in 903/904 (CADR3)
3036    Third machine in 903/904 (CADR5)
10m
3040	First machine on MC panel   (MC)
3042	Second machine on MC panel (CADR23)  -- NOT REALLY THERE, HOWEVER
3044	Third machine on MC panel  (CADR24)
3046	Fourth machine on MC panel
15m
3050	First machine in 906    (CADR 1)
3052     Second machine in 906  (CADR 18 is here now, but is assigned 3076)
3054     Third machine in 906
3056     Fourth machine in 906
30m
3060    CADR27 (mit-ai-file-computer)  stuck in

3062	First machine by XGP (CADR 4)
3064    Second machine by XGP (CADR 6)
3066    Third machine by XGP  (CADR 15)  -- Really plugged in by AI
3067	VAX/750 by XGP.  Assigning odd number to see if this works.  --RWK
3070    Fourth machine by XGP (CADR 16)  -- Really plugged in by AI
15m
3072	First machine on AI panel (AI)
3074	Second machine on AI panel (CADR 9)
3076     Third machine on AI panel (CADR 18 even tho its in 906)
3100     Fourth machine on AI panel CADR 19)

3102    CADR20  stuck in.
3104    CADR22  stuck in.

30m to phone closet
20m to 5th floor phone closet
35m to 5th floor computer room
3106	First machine in 5?? (RTS 11/70)
3110	Second machine in 5??
3112	Third machine in 5??
3114	Fourth machine in 5??
35m to 5th floor phone closet
5m to 4th floor phone closet
3120	First machine in 4?? (VAX)
3122    Second machine in 4??
3124    Third machine in 4??
3126    Fourth machine in 4??
5m to 3rd floor phone closet
3140	First machine in 3?? (CADR 2)
3142	Second machine in 3?? (CADR 8)
3144	Third machine in 3??
3146    Fourth machine in 3?? (TERMINUS)

700m to Campus
505	First host on Campus
510     Plasma
520     Speech
540	last possible host# on Campus if turn-counter is modulo 128
---
MOON@MIT-MC 03/12/79 07:44:54 Re: Criteria for Chaosnet address assignment
The cable propagation speed is estimated at 5 ns/m.  This is consistent
with the reflection measurement when it was first put in.  The transceiver
delay is measured at 220 ns.  Using the 2T rule and a 50% margin for error,
the delay between turns is 700 ns for the transceiver + 15ns/m of cable.
Guessing the TS-campus distance at 700m and the total cable length at 1000m,
and the units of the my-turn counter as 500ns, we have:
	Distance	Number of turns
	0-20m		2
	20-50m		3
	50-80m		4
	80-110m		5
	700m		23	Tech Sq to Campus
	1000m		32	Recycle from end of cable to beginning
We need to make a chart of where hosts are on the cable, to determine
the new host numbers.
