PDP-11 Unibus Chaosnet Interface	CHAOS;UBCHNI PRT	17-DEC-80  1803
FILNAM.EXT[P,PN]	DATE	   TIME	MODULE(DWG NUM)	REV	AUTHOR
	TITLE 1				PROJECT		NOMENCLATURE
	TITLE 2				SHEET n OF m	BOARD TYPE
	CARD LOC(VARIABLE SETTINGS)	NEXT HIGHER ASSEMBLY

LMDATP.DRW[CHA,OS]	15-SEP-79  1047				JLK
	LISP MACHINE CHAOS NET				LG683
	UNIBUS OUTPUT					LG683

LMDETC.DRW[CHA,OS]	13-AUG-80  0946				JLK
	LISP MACHINE CHAOS NET				LG683
	DETECTOR					LG683

LMLNDR.DRW[CHA,OS]	17-DEC-80  1220				
	LISP MACHINE CHAOS NET				LG683
	LINE DRIVERS					LG683

LMMODU.DRW[CHA,OS]	13-AUG-80  0946				JLK
	LISP MACHINE CHAOS NET				LG683
	SERIAL MODULATOR				LG683

LMMYNM.DRW[CHA,OS]	13-AUG-80  0954				
	LISP MACHINE CHAOS NET				LG683
	FIND MSGS DESTINED FOR ME			LG683

LMRBUF.DRW[CHA,OS]	13-AUG-80  0947				JLK
	LISP MACHINE CHAOS NET				LG683
	RECEIVER BUFFER					LG683

LMRCLK.DRW[CHA,OS]	13-AUG-80  0948				JLK
	LISP MACHINE CHAOS NET				LG683
	RECEIVE CLOCK					LG683

LMRCTL.DRW[CHA,OS]	13-AUG-80  0948				JLK
	LISP MACHINE CHAOS NET				LG683
	RECEIVE CONTROL					LG683

LMTBFC.DRW[CHA,OS]	13-AUG-80  0949				JLK
	LISP MACHINE CHAOS NET				LG683
	TRANSMIT CONTROL				LG683

LMTBUF.DRW[CHA,OS]	13-AUG-80  0949				JLK
	LISP MACHINE CHAOS NET				LG683
	TRANSMIT BUFFER					LG683

LMTCLK.DRW[CHA,OS]	17-DEC-80  1119				JLK
	LISP MACHINE CHAOS NET				LG683
	TRANSMIT CLOCK					LG683

LMTURN.DRW[CHA,OS]	13-AUG-80  0951				
	LISP MACHINE CHAOS NET				LG683
	MY TURN TIMER					LG683

LMUCON.DRW[CHA,OS]	16-DEC-80  2205				JLK
	LISP MACHINE CHAOS NET				LG683
	UNIBUS CONTROL					LG683

QADADR.DRW[CHA,OS]	17-DEC-80  1120				JLK
	QUAD SPC BOARD					LG683
	UNIBUS ADDRESS					LG683

QADJPS.DRW[CHA,OS]	17-DEC-80  1049				JLK
	LISP MACHINE CHAOS NET				LG683
	CONN TO TRANSCEIVER				LG683

îPDP-11 Unibus Chaosnet Interface	CHAOS;UBCHNI PRT	17-DEC-80  1803
FILNAM.EXT[P,PN]	DATE	   TIME	MODULE(DWG NUM)	REV	AUTHOR
	TITLE 1				PROJECT		NOMENCLATURE
	TITLE 2				SHEET n OF m	BOARD TYPE
	CARD LOC(VARIABLE SETTINGS)	NEXT HIGHER ASSEMBLY

QADTIM.DRW[CHA,OS]	17-DEC-80  1521				JLK
	QUAD SPC BOARD					LG683
	INTERVAL TIMER					LG683

QUBBPL.DRW[CHA,OS]	04-MAR-80  1245				JLK
	QUAD SPC SLOT					LG683
	BACKPLANE CONNECTIONS				LG683

QUBINT.DRW[CHA,OS]	17-DEC-80  1520				JLK
	QUAD SPC BOARD					LG683
	UNIBUS INTERRUPT				LG683

QUBXCV.DRW[CHA,OS]	16-DEC-80  2233				
	QUAD BOARD CHAOS NET				LG683
	UNIBUS TRANSCEIVER				LG683

îPDP-11 Unibus Chaosnet Interface	CHAOS;UBCHNI PRT	17-DEC-80  1803

PART NUMBER	DIPTYPE		COUNT	DESCRIPTION				LOCATIONS

N/A		26LS33		1	COMMENT:;=26LS32			A01
		26LS31		1						A02
		DUMMY		6						A03@02, D10@02
										D12@02, E09@02
										E14@02, F13@02
		26S02		1	COMMENT:THIS PRE-DECREMENTS THE SILO POINTER WHICH THEN POINTS TO THE FIRST BIT
										A04
		26S02		1						A04
		EXAR-CL		1						A05
		74S112		4						A06, A09, D13, D14
		74LS164		4						A07, B07, B18, B19
		74S374		1						A08
		74S288		1						A10
		CAP		3						A10@01, D07@01
										D14@01
		TD25		1						A11
		TD250		1						A12
		74S37		2						A13, C05
		74LS163		2						A14, E12
		TD100		3						A15, B04, B11
		74LS161		6						A16, B05, B06, F02
										F03, F04
		74LS193		7						A17, A18, A19, A20
										C20, D20, E19
		74S04		6						B01, B09, B14, B17
										D03, E13
		74S74		6						B02, B15, C01, C06
										D08, E08
		74S74		1	COMMENT:TRANSCEIVER DELAYS FALLING EDGE MORE THAN RISING EDGE
										B02
		74S163		1						B03
		DUMMY		1	VALUE:1K OHMS, 1/4W, PACKAGE:2 PIN	B03@01
		74S02		1						B08
		74S04		1	COMMENT:;THIS LOOKS USELESS BUT ;CAUSES THE INITIATE-TRANSMIT ;READ- MEGY-# KLUDGE TO WIN
										B09
		74S08		3						B10, C02, E10
		74S08		1	COMMENT:;AVOID VARIOUS HUNG STATES	B10
		74 165		2						B12, B13
		74LS02		2						B16, E11
		74LS174		1						B20
		TD250		1	COMMENT:;PRECHARGE IS ;3 FCLK'S		C03
		2147		2						C04, C10
		74S37		1	COMMENT:;WRITE PREVIOUS BIT INTO ;MEMORY, THEN CLOCK ;ADDRESS CNTR, ETC.
										C05
		9401		2						C07, C09
		74S51		2						C08, E05
		25LS193		6						C11, C12, C13, D04
										D05, D06
		74S00		6						C14, C15, D07, E03
										E04, F12
		74S00		1	COMMENT2:;USUALLY LOW			C15
					COMMENT3:;LOAD SOURCE # & START XMIT
		74LS244		8						C16, C17, D16, D17
										D18, D19, E17, E18
		74LS138		1						C18
		74S133		1						C19
		74S287		1						D01
		74S10		1						D02
		74 279		1						D09
		P SIP1000-10	2						D11@01, D11@20
		74S112		1	COMMENT:;THIS MAKES IT WIN WITH PDP11S ;WHICH DROP DATA AND MSYN ;SIMULTANEOUSLY (E.G. LISPM)
										D14
		74S32		1						D15
		74S174		1						E01
îPDP-11 Unibus Chaosnet Interface	CHAOS;UBCHNI PRT	17-DEC-80  1804

PART NUMBER	DIPTYPE		COUNT	DESCRIPTION				LOCATIONS

		74S158		1						E02
		74S00		1	COMMENT:;CLEAR BUFFER ADDRESS COUNTER	E03
		74S251		2						E06, F05
		PULLUP-DIP	1	VALUE:1K, PART:898-1-R1K		E07@01
		25LS2521	2						E15, E16
		74LS74		1						E20
		74S11		1						F01
		DM8837A		4						F06, F07, F08, F09
		DM8838		5						F10, F17, F18, F19
										F20
		74LS10		1						F11
		74S175		1						F14
		74S38		2						F15, F16
