LISP Machine Disk Controller	CADRDC;DC PRT		10-DEC-80  1749
FILNAM.EXT[P,PN]	DATE	   TIME	MODULE(DWG NUM)	REV	AUTHOR
	TITLE 1				PROJECT		NOMENCLATURE
	TITLE 2				SHEET n OF m	BOARD TYPE
	CARD LOC(VARIABLE SETTINGS)	NEXT HIGHER ASSEMBLY

DCBUSY.DRW[CAD,RDC]	07-OCT-80  2132				
	DISK CONTROL					LG684
	BUSY, LOSSAGE					LG684

DCCAPS.DRW[CAD,RDC]	09-JUL-79  0539				
	DISK CONTROL					LG684
	CAPACITORS					LG684

DCCCW.DRW[CAD,RDC]	07-OCT-80  2132				
	DISK CONTROL					LG684
	CHANNEL CONTROL WORD				LG684

DCCHAN.DRW[CAD,RDC]	06-FEB-80  0048				
	DISK CONTROL					LG684
	DMA CHANNEL CONTROL				LG684

DCCLK.DRW[CAD,RDC]	08-OCT-78  1648				
	DISK CONTROL					LG684
	CLOCKS						LG684

DCCLP.DRW[CAD,RDC]	10-JUN-79  2152				
	DISK CONTROL					LG684
	COMMAND LIST POINTER				LG684

DCCMD.DRW[CAD,RDC]	30-SEP-78  0118				
	DISK CONTROL					LG684
	COMMAND						LG684

DCDA.DRW[CAD,RDC]	30-SEP-78  0136				
	DISK CONTROL					LG684
	DISK ADDRESS					LG684

DCDBUS.DRW[CAD,RDC]	06-JUN-79  0800				
	DISK CONTROL					LG684
	DISK BUS					LG684

DCECC.DRW[CAD,RDC]	08-OCT-78  1653				
	DISK CONTROL					LG684
	ERROR CHECKING AND CORRECTION			LG684

DCEDGE.DRW[CAD,RDC]	10-JUN-79  2033				
	DISK CONTROL					LG684
	EDGE CONNECTIONS				LG684

DCHDCM.DRW[CAD,RDC]	10-JUN-79  2034				
	DISK CONTROL					LG684
	HEADER COMPARE					LG684

DCPAR.DRW[CAD,RDC]	06-FEB-80  0054				
	DISK CONTROL					LG684
	PARITY						LG684

DCPOSC.DRW[CAD,RDC]	30-SEP-78  0153				
	DISK CONTROL					LG684
	BIT POSITION COUNTER				LG684

DCRBUF.DRW[CAD,RDC]	30-SEP-78  0407				
	DISK CONTROL					LG684
	READ BUFFER					LG684

îLISP Machine Disk Controller	CADRDC;DC PRT		10-DEC-80  1749
FILNAM.EXT[P,PN]	DATE	   TIME	MODULE(DWG NUM)	REV	AUTHOR
	TITLE 1				PROJECT		NOMENCLATURE
	TITLE 2				SHEET n OF m	BOARD TYPE
	CARD LOC(VARIABLE SETTINGS)	NEXT HIGHER ASSEMBLY

DCREG.DRW[CAD,RDC]	08-OCT-78  1656				
	DISK CONTROL					LG684
	REGISTER ADDRESSING				LG684

DCSH.DRW[CAD,RDC]	10-JUN-79  2037				
	DISK CONTROL					LG684
	SHIFT REGISTER					LG684

DCSTS.DRW[CAD,RDC]	05-FEB-80  0150				
	DISK CONTROL					LG684
	STATUS						LG684

DCTMOT.DRW[CAD,RDC]	07-OCT-80  2212				
	DISK CONTROL					LG684
	TIMEOUT						LG684

DCTRID.DRW[CAD,RDC]	10-JUN-79  2154				
	DISK CONTROL					LG684
	SINGLE TRIDENT					LG684

DCTRSG.DRW[CAD,RDC]	30-JUL-79  0211				
	DISK CONTROL					LG684
	TRIDENT SIGNAL CABLE				LG684

DCUC.DRW[CAD,RDC]	10-JUN-79  2040				
	DISK CONTROL					LG684
	MICROCODE CONTROL				LG684

DCUI.DRW[CAD,RDC]	30-SEP-78  0225				
	DISK CONTROL					LG684
	MICROCODE INSTRUCTION				LG684

DCWBUF.DRW[CAD,RDC]	30-SEP-78  0227				
	DISK CONTROL					LG684
	WRITE BUFFER					LG684

DCXBSA.DRW[CAD,RDC]	30-SEP-78  0228				
	DISK CONTROL					LG684
	XBUS ADDRESS XCVRS				LG684

DCXBUS.DRW[CAD,RDC]	30-SEP-78  0255				
	DISK CONTROL					LG684
	XBUS DATA TRANSCEIVERS				LG684

XBUS.DRW[CAD,RDC]	19-DEC-79  0054				
	XBUS						LG684
	BACKPLANE CONNECTIONS				LG684

îLISP Machine Disk Controller	CADRDC;DC PRT		10-DEC-80  1749

PART NUMBER	DIPTYPE		COUNT	DESCRIPTION				LOCATIONS

N/A		SIP100-8	3						A01@03, A01@20
										B02@03
		75452		8						A02, A02@03, B01
										B01@03, B03, B03@03
										B05, B05@03
		DUMMY		4						A03, A05, A09, C04
		74LS14		2						A04, A07
		SIP330-10	1						A06@01
		SIP100-8	1	COMMENT:;NOTE- PINOUT DIFFERS ON SER#1	A06@20
		75110		1						A08
		75107		1						A10
		2DUMMY		1	VALUE:.1 UF				A10@02
		74S151		1						A11
		74LS244		13						A12, A13, A14, A15
										B17, B18, B19, B20
										B24, B25, C07, C08
										C09
		74LS86		3						A16, D11, E27
		74LS193		7						A17, A18, A19, A20
										A21, B21, B22
		25LS2536	1						A23
		74LS153		5						A24, A25, A26, A27
										D12
		74LS00		3						A28, D18, E04
		74S133		3						A29, C27, E15
		74S240		1						A30
		74LS124		1	COMMENT:;PERIOD = 12 MEGS		B04
		74LS124		1						B04
		74LS74		6						B06, C14, D15, E02
										E20, F16
		74LS569		10						B07, B08, C01, C02
										D21, D22, D23, D25
										E21, E22
		26S02		1	COMMENT:;15 US				B09
		26S02		1	COMMENT:;2.0-2.5 USEC			B09
		74S74		4						B10, B14, C13, E17
		74LS32		2						B11, C16
		74LS279		1						B12
		74S260		4						B13, C26, C28, E30
		CAP		6						B13@01, C23@01
										C28@01, E02@01
										E06@01, E17@01
		74LS21		2						B15, E06
		74LS02		2						B16, E11
		74LS374		16						B23, C24, C25, C29
										C30, D26, E25, E26
										F03, F04, F05, F06
										F07, F08, F09, F10
		74S133		1	COMMENT:;ECC FIELD SIZE IS 42987. ; BITS = 123753', B26
					COMMENT2:;DISABLE WHEN READ-ALL/WRITE-ALL
		74S163		1	COMMENT:;NOTE SYNCHRONOUS CLEAR		B27
		74S163		1	COMMENT:;WHEN READING, HAS ONE LESS THAN THE NUMBER OF ;  VALID BITS ALREADY CLOCKED IN. ;WHEN WRITING, HAS THE NUMBER OF ;  BITS ALREADY CLOCKED OUT.
										B28
		74S163		2						B29, B30
		74 393		1						C03
		74LS04		2						C05, C23
		74LS157		1						C06
		74LS273		10						C10, C12, D06, D07
										D08, D24, D27, D28
										D29, D30
		25LS2521	3						C11, C22, E14
		74LS08		4						C15, D14, D16, E05
		74LS32		1	COMMENT:;MIGHT BE CLEARING FAULT	C16
		74S37		1						C17
îLISP Machine Disk Controller	CADRDC;DC PRT		10-DEC-80  1751

PART NUMBER	DIPTYPE		COUNT	DESCRIPTION				LOCATIONS

		74S51		1	COMMENT:;NOTE- UCLK^ CAN CLOCK AN EXTRA ;TIME WHEN STOPPING DUE TO ERROR
										C18
		74S51		1						C18
		74LS10		1						C19
		TD250		1	COMMENT:;DESKEW & PARITY DELAYS		C20
		74LS175		3						C21, E03, E08
		74S299		2						D01, D10
		74S472		3						D03, D04, D05
		74LS11		1						D09
		74LS138		1						D13
		DUMMY4		3						D14@01, E01@01
										E27@01
		74S08		1						D17
		74S04		1						D19
		9S42		1	COMMENT:;APPLIES TO READ ;COMMAND ONLY.	D20
		9S42		2						D20, F17
		TD100		2						E01, E07
		74LS74		1	COMMENT:;IDLE STATE HAS MRDE4 ASSERTED. ;MRD FULL CLEARS ON SAME CLOCK ;THAT SETS MRDE4.  FIFO WILL ;ALWAYS GOBBLE BYTE WITHIN 105 NS ;BEFORE CHANNEL CAN CLOBBER IT.
										E02
		67401		4						E09, E10, F01, F02
		74S138		1						E12
		TD250		1						E13
		74S02		1						E16
		74S11		1						E18
		74S11		1	COMMENT:;AVOID GLITCH WHEN CS0 TURNS OFF, E18
		TD100		1	COMMENT:;DELAY FOR OUTPUT PARITY COMPUTATION ;AND FOR ADDRESS TO SETTLE
										E19
		26S10		16						E23, E24, E28, E29
										F19, F20, F21, F22
										F23, F24, F25, F26
										F27, F28, F29, F30
		93S48		5						F11, F12, F13, F14
										F15
		26S10		1	COMMENT:;-XBUS.EXTGRANT.IN TERMINATED ; ON DCTMOT OR MKPANL
										F18
