LISP Machine TV Board		CADRTV;LMTV4B PRT	08-DEC-80  0028
FILNAM.EXT[P,PN]	DATE	   TIME	MODULE(DWG NUM)	REV	AUTHOR
	TITLE 1				PROJECT		NOMENCLATURE
	TITLE 2				SHEET n OF m	BOARD TYPE
	CARD LOC(VARIABLE SETTINGS)	NEXT HIGHER ASSEMBLY

CAPS.DRW[CAD,RTV]	08-DEC-80  0004				H
	LISPM TV					LG684
	Bypass Caps					LG684

COLOR.DRW[CAD,RTV]	07-DEC-80  2251				H
	LISPM TV					LG684
	Color Map Interface				LG684

ECLCLK.DRW[CAD,RTV]	07-DEC-80  2249				H
	LISPM TV					LG684
	MECL Clock					LG684

ECLSIP.DRW[CAD,RTV]	08-DEC-80  0012				H
	LISPM TV					LG684
	MECL SIP Terminators				LG684

ECLVID.DRW[CAD,RTV]	07-DEC-80  2244				H
	LISPM TV					LG684
	MECL Video					LG684

GEN4B.DRW[CAD,RTV]	07-DEC-80  2244				
	LISPM TV					LG684
	Customize for 4-bit Version			LG684

RAMA.DRW[CAD,RTV]	07-DEC-80  1949				JLK
	LISPM TV					LG684
	Video Memory: Row A				LG684

RAMADR.DRW[CAD,RTV]	07-DEC-80  2250				H
	LISPM TV					LG684
	Ram Address Logic				LG684

RAMB.DRW[CAD,RTV]	07-DEC-80  1950				JLK
	LISPM TV					LG684
	Video Memory: Row B				LG684

RAMBUF.DRW[CAD,RTV]	08-DEC-80  0013				H
	LISPM TV					LG684
	Address Buffers					LG684

RAMC.DRW[CAD,RTV]	07-DEC-80  1957				JLK
	LISPM TV					LG684
	Video Memory: Row C				LG684

RAMCAS.DRW[CAD,RTV]	08-DEC-80  0017				H
	LISPM TV					LG684
	Ram RAS/CAS					LG684

RAMD.DRW[CAD,RTV]	07-DEC-80  1953				JLK
	LISPM TV					LG684
	Video Memory: Row D				LG684

RAMREG.DRW[CAD,RTV]	07-DEC-80  2302				H
	LISPM TV					LG684
	Ram Output Registers				LG684

RAMSHF.DRW[CAD,RTV]	07-DEC-80  2252				H
	LISPM TV					LG684
	64-bit Video Shift Register			LG684

îLISP Machine TV Board		CADRTV;LMTV4B PRT	08-DEC-80  0028
FILNAM.EXT[P,PN]	DATE	   TIME	MODULE(DWG NUM)	REV	AUTHOR
	TITLE 1				PROJECT		NOMENCLATURE
	TITLE 2				SHEET n OF m	BOARD TYPE
	CARD LOC(VARIABLE SETTINGS)	NEXT HIGHER ASSEMBLY

SYNADR.DRW[CAD,RTV]	07-DEC-80  2253				H
	LISPM TV					LG684
	Sync Program Address				LG684

SYNCLK.DRW[CAD,RTV]	07-DEC-80  2328				H
	LISPM TV					LG684
	Sync Clocking					LG684

SYNRAM.DRW[CAD,RTV]	07-DEC-80  2331				H
	LISPM TV					LG684
	Sync Program Memory				LG684

SYNREG.DRW[CAD,RTV]	07-DEC-80  2257				H
	LISPM TV					LG684
	Sync Program Reg & Repeat			LG684

TVINC.DRW[CAD,RTV]	07-DEC-80  2258				H
	LISPM TV					LG684
	TV Mem Address Adder				LG684

TVMA.DRW[CAD,RTV]	07-DEC-80  2302				H
	LISPM TV					LG684
	TV Mem Address Counter				LG684

XBADR.DRW[CAD,RTV]	08-DEC-80  0000				H
	LISPM TV					LG684
	AØbus Address Selector				LG684

XBCTL.DRW[CAD,RTV]	07-DEC-80  2305				H
	LISPM TV					LG684
	Mode Reg and Xbus Control			LG684

XBDATA.DRW[CAD,RTV]	07-DEC-80  2304				TK
	LISPM TV					LG684
	Xbus Data Transceiver				LG684

XBUS.DRW[CAD,RTV]	07-DEC-80  2301				
	LISPM TV					LG684
	Backplane Connections				LG684

îLISP Machine TV Board		CADRTV;LMTV4B PRT	08-DEC-80  0028

PART NUMBER	DIPTYPE		COUNT	DESCRIPTION				LOCATIONS

19-11402-00	10105		1						F08@11
19-11413-00	10121		1						F01@11
19-11414-00	10124		4						E06@11, E07@11
										F06@11, F07@11
19-11415-00	10125		1						E02@11
19-11500-00	10136		1						F02@11
19-11501-00	10141		2						E03@11, E04@11
N/A		2147		8	PART NAME:2141-2			A01, A02, A03, A04
										B01, B02, B03, B04
		74LS374		10						A05, B05, E15, E17
										E19, E21, E23, E25
										E27, E29
		74LS569		5						A06, A10, B06, B10
										C06
		74LS273		1						A07
		74S283		2						A08, B08
		74LS163		4						A09, B09, C09, C10
		74S253		4						A11, A12, B11, B12
		74S241		2						A13, E09
		898-3-R22	5	TYPE:BECKMAN 898-3-R22			A14@02, B13@02
										B14@02, C14@02
										D14@02
		2118		64	PACKAGE:16 PIN				A15@11, A16@11
										A17@11, A18@11
										A19@11, A20@11
										A21@11, A22@11
										A23@11, A24@11
										A25@11, A26@11
										A27@11, A28@11
										A29@11, A30@11
										B15@11, B16@11
										B17@11, B18@11
										B19@11, B20@11
										B21@11, B22@11
										B23@11, B24@11
										B25@11, B26@11
										B27@11, B28@11
										B29@11, B30@11
										C15@11, C16@11
										C17@11, C18@11
										C19@11, C20@11
										C21@11, C22@11
										C23@11, C24@11
										C25@11, C26@11
										C27@11, C28@11
										C29@11, C30@11
										D15@11, D16@11
										D17@11, D18@11
										D19@11, D20@11
										D21@11, D22@11
										D23@11, D24@11
										D25@11, D26@11
										D27@11, D28@11
										D29@11, D30@11
		74LS377		2						B07, C07
		2DUMMY		6	TYPE:1K PULLUP RESISTOR, 1/4W		B11@01, D04@01
										D06@01, E13@01
										E14@01, F10@01
		74LS669		2						C01, C02
		74S374		3						C03, D07, E12
		25LS2539	2						C04, C12
		74S472		1	PART NAME:TBP 18S42N			C05
		EXAR-CL		1	VALUE:MOTOROLA K114A 64 MHZ   TTL	C08
		74S37		3						C11, C13, D09
îLISP Machine TV Board		CADRTV;LMTV4B PRT	08-DEC-80  0029

PART NUMBER	DIPTYPE		COUNT	DESCRIPTION				LOCATIONS

		CAP		6	TYPE:22UF 4-PIN DIP CAP			C11@01, D03@01
										D09@01, F24@01
										F27@01, F30@01
		74S10		1						D01
		74LS175		1						D02
		74S04		3						D03, D08, F10
		74S51		1						D04
		74LS244		3						D05, D13, F11
		74S288		1	PROGRAM:LMTV4B OR LMTV8B		D06
					PART NAME:TBP 18S030N
		74S08		1						D10
		TD100		1	TYPE:ECC TTLDM-100 DELAY LINE		D11
		74S00		2						D12, E13
		DUAL-SIP	3	TYPE:BECKMAN 764-5-R121/195		E01, E05, F05
		2DUMMY		15	TYPE:-5 VOLT BUS STRIP			E01@01, E02@01
										E03@01, E04@01
										E05@01, E06@01
										E07@01, F01@01
										F02@01, F03@01
										F04@01, F05@01
										F06@01, F07@01
										F08@01
		2DUMMY		15	TYPE:.1UF DIP CAP			E01@02, E02@02
										E03@02, E04@02
										E05@02, E06@02
										E07@02, F01@02
										F02@02, F03@02
										F04@02, F05@02
										F06@02, F07@02
										F08@02
		74128		1						E08
		DUMMY		2	VALUE:22 OHMS, PACKAGE:2 PIN		E08@01, E08@02
		74S139		1						E10
		74S32		1						E11
		74LS74		1						E14
		74LS299		8						E16, E18, E20, E22
										E24, E26, E28, E30
		10212		1						F03@11
		10102		1						F04@11
		74S257		1						F09
		25LS2519	1						F12
		74S138		1						F13
		26S10		10						F14, F15, F23, F24
										F25, F26, F27, F28
										F29, F30
		74LS240		3						F16, F17, F18
		25LS2521	4						F19, F20, F21, F22
